hunt k=6 cutoff=88 jobs=4 nodecap=8000000000/shape mode=range [cutoff, cap]
shapes=21878 eligible=330 caps 101..88 setup=0.3s
solver bb sha256=e2fde07b69d7a0d84b67d7954304da50feebd84a3cbd0e192faf706a8a7f562c
driver hunt.py sha256=4aa2d636c39ffa5ef04b4fae7ac59443a7ca2a133f886a240b8973f414582c50
# 1/330 elapsed=121s rate=0.008 shapes/s projected_total=11.1h gaveup=0 errors=0
# 2/330 elapsed=226s rate=0.009 shapes/s projected_total=10.4h gaveup=0 errors=0
# 3/330 elapsed=288s rate=0.010 shapes/s projected_total=8.8h gaveup=0 errors=0
# 4/330 elapsed=345s rate=0.012 shapes/s projected_total=7.9h gaveup=0 errors=0
# 5/330 elapsed=400s rate=0.012 shapes/s projected_total=7.3h gaveup=0 errors=0
# 6/330 elapsed=476s rate=0.013 shapes/s projected_total=7.3h gaveup=0 errors=0
# 7/330 elapsed=604s rate=0.012 shapes/s projected_total=7.9h gaveup=0 errors=0
# 8/330 elapsed=669s rate=0.012 shapes/s projected_total=7.7h gaveup=0 errors=0
# 9/330 elapsed=808s rate=0.011 shapes/s projected_total=8.2h gaveup=0 errors=0
# 10/330 elapsed=1066s rate=0.009 shapes/s projected_total=9.8h gaveup=0 errors=0
# 11/330 elapsed=1808s rate=0.006 shapes/s projected_total=15.1h gaveup=0 errors=0
# 12/330 elapsed=1967s rate=0.006 shapes/s projected_total=15.0h gaveup=0 errors=0
# 13/330 elapsed=2262s rate=0.006 shapes/s projected_total=16.0h gaveup=0 errors=0
# 14/330 elapsed=2429s rate=0.006 shapes/s projected_total=15.9h gaveup=0 errors=0
# 15/330 elapsed=2617s rate=0.006 shapes/s projected_total=16.0h gaveup=0 errors=0
# 16/330 elapsed=3061s rate=0.005 shapes/s projected_total=17.5h gaveup=0 errors=0
# 17/330 elapsed=3144s rate=0.005 shapes/s projected_total=17.0h gaveup=0 errors=0
# 18/330 elapsed=3182s rate=0.006 shapes/s projected_total=16.2h gaveup=0 errors=0
# 19/330 elapsed=3275s rate=0.006 shapes/s projected_total=15.8h gaveup=0 errors=0
# 20/330 elapsed=4393s rate=0.005 shapes/s projected_total=20.1h gaveup=0 errors=0
# 21/330 elapsed=4443s rate=0.005 shapes/s projected_total=19.4h gaveup=0 errors=0
# 22/330 elapsed=4569s rate=0.005 shapes/s projected_total=19.0h gaveup=0 errors=0
# 23/330 elapsed=5328s rate=0.004 shapes/s projected_total=21.2h gaveup=0 errors=0
# 24/330 elapsed=5532s rate=0.004 shapes/s projected_total=21.1h gaveup=0 errors=0
# 25/330 elapsed=5707s rate=0.004 shapes/s projected_total=20.9h gaveup=0 errors=0
# 26/330 elapsed=5709s rate=0.005 shapes/s projected_total=20.1h gaveup=0 errors=0
# 27/330 elapsed=5730s rate=0.005 shapes/s projected_total=19.5h gaveup=0 errors=0
# 28/330 elapsed=5779s rate=0.005 shapes/s projected_total=18.9h gaveup=0 errors=0
# 29/330 elapsed=6051s rate=0.005 shapes/s projected_total=19.1h gaveup=0 errors=0
# 30/330 elapsed=6075s rate=0.005 shapes/s projected_total=18.6h gaveup=0 errors=0
# 31/330 elapsed=6091s rate=0.005 shapes/s projected_total=18.0h gaveup=0 errors=0
# 32/330 elapsed=6230s rate=0.005 shapes/s projected_total=17.8h gaveup=0 errors=0
# 33/330 elapsed=6273s rate=0.005 shapes/s projected_total=17.4h gaveup=0 errors=0
# 34/330 elapsed=6320s rate=0.005 shapes/s projected_total=17.0h gaveup=0 errors=0
# 35/330 elapsed=6575s rate=0.005 shapes/s projected_total=17.2h gaveup=0 errors=0
# 36/330 elapsed=6576s rate=0.005 shapes/s projected_total=16.7h gaveup=0 errors=0
# 37/330 elapsed=6622s rate=0.006 shapes/s projected_total=16.4h gaveup=0 errors=0
# 38/330 elapsed=7106s rate=0.005 shapes/s projected_total=17.1h gaveup=0 errors=0
# 39/330 elapsed=7236s rate=0.005 shapes/s projected_total=17.0h gaveup=0 errors=0
# 40/330 elapsed=7410s rate=0.005 shapes/s projected_total=17.0h gaveup=0 errors=0
# 41/330 elapsed=7580s rate=0.005 shapes/s projected_total=16.9h gaveup=0 errors=0
# 42/330 elapsed=8409s rate=0.005 shapes/s projected_total=18.4h gaveup=0 errors=0
# 43/330 elapsed=8425s rate=0.005 shapes/s projected_total=18.0h gaveup=0 errors=0
# 44/330 elapsed=8918s rate=0.005 shapes/s projected_total=18.6h gaveup=0 errors=0
# 45/330 elapsed=9251s rate=0.005 shapes/s projected_total=18.8h gaveup=0 errors=0
# 46/330 elapsed=9460s rate=0.005 shapes/s projected_total=18.9h gaveup=0 errors=0
# 47/330 elapsed=9594s rate=0.005 shapes/s projected_total=18.7h gaveup=0 errors=0
# 48/330 elapsed=9782s rate=0.005 shapes/s projected_total=18.7h gaveup=0 errors=0
# 49/330 elapsed=10356s rate=0.005 shapes/s projected_total=19.4h gaveup=0 errors=0
# 50/330 elapsed=10692s rate=0.005 shapes/s projected_total=19.6h gaveup=0 errors=0
# 100/330 elapsed=26716s rate=0.004 shapes/s projected_total=24.5h gaveup=0 errors=0
# 150/330 elapsed=41736s rate=0.004 shapes/s projected_total=25.5h gaveup=0 errors=0
# 200/330 elapsed=52689s rate=0.004 shapes/s projected_total=24.1h gaveup=0 errors=0
# 250/330 elapsed=54524s rate=0.005 shapes/s projected_total=20.0h gaveup=0 errors=0
# 300/330 elapsed=56077s rate=0.005 shapes/s projected_total=17.1h gaveup=0 errors=0
RESULT no eligible shape reaches n >= 88; all 330 decided, gaveup=0 errors=0; 56945.2s
